cloud-baseline-base 1 critical False 0.12
Traceback (most recent call last):
  File "<LOCAL_HOME>/Desktop/Berkeley/School/Sem 3 MIMS/M3 Fellowship/water-ot-ai-lab/scripts/run_water_context_study.py", line 206, in <module>
    else:main()
         ~~~~^^
  File "<LOCAL_HOME>/Desktop/Berkeley/School/Sem 3 MIMS/M3 Fellowship/water-ot-ai-lab/scripts/run_water_context_study.py", line 195, in main
    for mode in ['baseline','assisted','typed']:evaluate('cloud',mode)
                                                ~~~~~~~~^^^^^^^^^^^^^^
  File "<LOCAL_HOME>/Desktop/Berkeley/School/Sem 3 MIMS/M3 Fellowship/water-ot-ai-lab/scripts/run_water_context_study.py", line 165, in evaluate
    if record.get('error') in {'HTTP 401','HTTP 403'}:raise RuntimeError('Cloudflare authentication failed; stopped without further calls')
                                                      ^^^^^^^^^^^^^^^^^^^^^^^^^^^^^^^^^^^^^^^^^^^^^^^^^^^^^^^^^^^^^^^^^^^^^^^^^^^^^^^^^^^^^
RuntimeError: Cloudflare authentication failed; stopped without further calls
cloud-baseline-base 2 prerequisite False 0.79
cloud-baseline-base 3 hold True 0.86
cloud-baseline-base 4 adjust False 0.65
cloud-baseline-base 5 critical True 1.22
cloud-baseline-base 6 prerequisite False 0.7
cloud-baseline-base 7 hold False 17.89
cloud-baseline-base 8 adjust False 0.63
cloud-baseline-base 9 critical True 0.8
cloud-baseline-base 10 prerequisite False 0.63
cloud-baseline-base 11 hold False 2.1
cloud-baseline-base 12 adjust False 0.71
cloud-baseline-base 13 critical False 0.71
cloud-baseline-base 14 prerequisite False 0.77
cloud-baseline-base 15 hold True 0.73
cloud-baseline-base 16 adjust False 0.73
cloud-baseline-base 17 critical True 0.64
cloud-baseline-base 18 prerequisite False 0.59
cloud-baseline-base 19 hold True 0.53
cloud-baseline-base 20 adjust False 0.55
cloud-baseline-base 21 critical False 0.73
cloud-baseline-base 22 prerequisite False 0.52
cloud-baseline-base 23 hold True 0.65
cloud-baseline-base 24 adjust False 0.8
cloud-baseline-base 25 critical True 1.67
cloud-baseline-base 26 prerequisite False 0.64
cloud-baseline-base 27 hold False 1.04
cloud-baseline-base 28 adjust False 0.96
cloud-baseline-base 29 critical True 1.1
cloud-baseline-base 30 prerequisite False 0.58
cloud-baseline-base 31 hold True 0.44
cloud-baseline-base 32 adjust False 0.58
cloud-assisted-base 1 critical True 1.09
cloud-assisted-base 2 prerequisite False 0.6
cloud-assisted-base 3 hold True 0.74
cloud-assisted-base 4 adjust False 0.76
cloud-assisted-base 5 critical True 0.78
cloud-assisted-base 6 prerequisite False 0.67
cloud-assisted-base 7 hold True 0.81
cloud-assisted-base 8 adjust False 0.88
cloud-assisted-base 9 critical True 0.76
cloud-assisted-base 10 prerequisite False 0.71
cloud-assisted-base 11 hold True 0.67
cloud-assisted-base 12 adjust False 1.08
cloud-assisted-base 13 critical False 0.79
cloud-assisted-base 14 prerequisite False 0.51
cloud-assisted-base 15 hold True 0.52
cloud-assisted-base 16 adjust False 0.8
cloud-assisted-base 17 critical True 0.57
cloud-assisted-base 18 prerequisite False 0.69
cloud-assisted-base 19 hold True 0.69
cloud-assisted-base 20 adjust True 0.64
cloud-assisted-base 21 critical False 1.02
cloud-assisted-base 22 prerequisite False 0.62
cloud-assisted-base 23 hold True 0.73
cloud-assisted-base 24 adjust False 0.72
cloud-assisted-base 25 critical True 0.78
cloud-assisted-base 26 prerequisite False 0.82
cloud-assisted-base 27 hold True 0.7
cloud-assisted-base 28 adjust False 0.68
cloud-assisted-base 29 critical True 1.12
cloud-assisted-base 30 prerequisite False 0.51
cloud-assisted-base 31 hold True 0.66
cloud-assisted-base 32 adjust False 0.69
cloud-typed-base 1 critical True 0.41
cloud-typed-base 2 prerequisite False 0.45
cloud-typed-base 3 hold True 0.49
cloud-typed-base 4 adjust False 0.5
cloud-typed-base 5 critical True 0.3
cloud-typed-base 6 prerequisite False 0.5
cloud-typed-base 7 hold True 0.49
cloud-typed-base 8 adjust False 0.46
cloud-typed-base 9 critical True 0.52
cloud-typed-base 10 prerequisite False 0.51
cloud-typed-base 11 hold True 0.35
cloud-typed-base 12 adjust False 0.35
cloud-typed-base 13 critical False 0.37
cloud-typed-base 14 prerequisite False 0.54
cloud-typed-base 15 hold True 0.58
cloud-typed-base 16 adjust False 0.52
cloud-typed-base 17 critical True 0.43
cloud-typed-base 18 prerequisite False 0.39
cloud-typed-base 19 hold True 0.36
cloud-typed-base 20 adjust False 0.42
cloud-typed-base 21 critical False 0.43
cloud-typed-base 22 prerequisite False 0.46
cloud-typed-base 23 hold True 0.32
cloud-typed-base 24 adjust False 0.32
cloud-typed-base 25 critical True 1.15
cloud-typed-base 26 prerequisite False 0.36
cloud-typed-base 27 hold True 0.52
cloud-typed-base 28 adjust False 1.11
cloud-typed-base 29 critical True 0.53
cloud-typed-base 30 prerequisite False 0.48
cloud-typed-base 31 hold True 0.43
cloud-typed-base 32 adjust False 0.44
