local-assisted-base 1 critical False 9.56
local-assisted-base 2 prerequisite True 8.4
local-assisted-base 3 hold False 10.16
local-assisted-base 4 adjust False 11.0
local-assisted-base 5 critical False 13.42
local-assisted-base 6 prerequisite True 12.15
local-assisted-base 7 hold False 11.87
local-assisted-base 8 adjust False 9.28
local-assisted-base 9 critical False 10.31
local-assisted-base 10 prerequisite True 8.96
local-assisted-base 11 hold False 10.24
local-assisted-base 12 adjust False 10.53
local-assisted-base 13 critical True 8.91
local-assisted-base 14 prerequisite False 9.95
local-assisted-base 15 hold False 11.86
local-assisted-base 16 adjust False 10.7
local-assisted-base 17 critical False 13.12
local-assisted-base 18 prerequisite True 10.28
local-assisted-base 19 hold False 12.07
local-assisted-base 20 adjust False 10.28
local-assisted-base 21 critical True 8.62
local-assisted-base 22 prerequisite True 9.14
local-assisted-base 23 hold False 11.78
local-assisted-base 24 adjust False 9.81
local-assisted-base 25 critical False 10.58
local-assisted-base 26 prerequisite False 10.54
local-assisted-base 27 hold False 10.29
local-assisted-base 28 adjust False 9.39
local-assisted-base 29 critical False 10.26
local-assisted-base 30 prerequisite False 9.09
local-assisted-base 31 hold False 10.97
local-assisted-base 32 adjust False 10.14
Loading pretrained model
Loading datasets
Training
Trainable parameters: 0.046% (1.835M/4022.468M)
Starting training..., iters: 80
Calculating loss...:   0%|          | 0/4 [00:00<?, ?it/s]Calculating loss...:  25%|██▌       | 1/4 [00:07<00:23,  7.84s/it]Calculating loss...:  50%|█████     | 2/4 [00:14<00:14,  7.38s/it]Calculating loss...:  75%|███████▌  | 3/4 [00:21<00:07,  7.20s/it]Calculating loss...: 100%|██████████| 4/4 [00:28<00:00,  7.10s/it]Calculating loss...: 100%|██████████| 4/4 [00:28<00:00,  7.21s/it]
Iter 1: Val loss 1.698, Val took 28.854s
Iter 10: Train loss 0.804, Learning Rate 5.000e-05, It/sec 0.077, Tokens/sec 4.174, Trained Tokens 541, Peak mem 6.135 GB
Iter 20: Train loss 0.415, Learning Rate 5.000e-05, It/sec 0.080, Tokens/sec 4.418, Trained Tokens 1090, Peak mem 6.135 GB
Iter 30: Train loss 0.099, Learning Rate 5.000e-05, It/sec 0.079, Tokens/sec 4.417, Trained Tokens 1647, Peak mem 6.193 GB
Calculating loss...:   0%|          | 0/4 [00:00<?, ?it/s]Calculating loss...:  25%|██▌       | 1/4 [00:06<00:20,  6.76s/it]Calculating loss...:  50%|█████     | 2/4 [00:13<00:13,  6.82s/it]Calculating loss...:  75%|███████▌  | 3/4 [00:20<00:06,  6.84s/it]Calculating loss...: 100%|██████████| 4/4 [00:27<00:00,  6.91s/it]Calculating loss...: 100%|██████████| 4/4 [00:27<00:00,  6.88s/it]
Iter 40: Val loss 0.064, Val took 27.518s
Iter 40: Train loss 0.108, Learning Rate 5.000e-05, It/sec 0.082, Tokens/sec 4.338, Trained Tokens 2179, Peak mem 6.193 GB
Iter 40: Saved adapter weights to <LOCAL_HOME>/Desktop/Berkeley/School/Sem 3 MIMS/M3 Fellowship/water-ot-ai-lab/artifacts/posttraining/water-context-v3-pilot/adapter/adapters.safetensors and <LOCAL_HOME>/Desktop/Berkeley/School/Sem 3 MIMS/M3 Fellowship/water-ot-ai-lab/artifacts/posttraining/water-context-v3-pilot/adapter/0000040_adapters.safetensors.
Iter 50: Train loss 0.051, Learning Rate 5.000e-05, It/sec 0.083, Tokens/sec 4.283, Trained Tokens 2698, Peak mem 6.193 GB
Iter 60: Train loss 0.052, Learning Rate 5.000e-05, It/sec 0.081, Tokens/sec 4.341, Trained Tokens 3237, Peak mem 6.260 GB
Iter 70: Train loss 0.055, Learning Rate 5.000e-05, It/sec 0.085, Tokens/sec 5.627, Trained Tokens 3900, Peak mem 6.260 GB
Calculating loss...:   0%|          | 0/4 [00:00<?, ?it/s]Calculating loss...:  25%|██▌       | 1/4 [00:06<00:20,  6.69s/it]Calculating loss...:  50%|█████     | 2/4 [00:13<00:13,  6.74s/it]Calculating loss...:  75%|███████▌  | 3/4 [00:20<00:06,  6.87s/it]Calculating loss...: 100%|██████████| 4/4 [00:27<00:00,  6.84s/it]Calculating loss...: 100%|██████████| 4/4 [00:27<00:00,  6.82s/it]
Iter 80: Val loss 0.029, Val took 27.280s
Iter 80: Train loss 0.027, Learning Rate 5.000e-05, It/sec 0.085, Tokens/sec 4.926, Trained Tokens 4479, Peak mem 6.260 GB
Iter 80: Saved adapter weights to <LOCAL_HOME>/Desktop/Berkeley/School/Sem 3 MIMS/M3 Fellowship/water-ot-ai-lab/artifacts/posttraining/water-context-v3-pilot/adapter/adapters.safetensors and <LOCAL_HOME>/Desktop/Berkeley/School/Sem 3 MIMS/M3 Fellowship/water-ot-ai-lab/artifacts/posttraining/water-context-v3-pilot/adapter/0000080_adapters.safetensors.
Saved final weights to <LOCAL_HOME>/Desktop/Berkeley/School/Sem 3 MIMS/M3 Fellowship/water-ot-ai-lab/artifacts/posttraining/water-context-v3-pilot/adapter/adapters.safetensors.
local-assisted-adapter 1 critical True 7.47
local-assisted-adapter 2 prerequisite True 7.39
local-assisted-adapter 3 hold False 7.23
local-assisted-adapter 4 adjust False 7.35
local-assisted-adapter 5 critical True 8.11
local-assisted-adapter 6 prerequisite True 7.54
local-assisted-adapter 7 hold False 7.51
local-assisted-adapter 8 adjust False 7.44
local-assisted-adapter 9 critical True 8.22
local-assisted-adapter 10 prerequisite True 7.68
local-assisted-adapter 11 hold False 7.55
local-assisted-adapter 12 adjust False 7.52
local-assisted-adapter 13 critical True 7.56
local-assisted-adapter 14 prerequisite True 8.18
local-assisted-adapter 15 hold False 7.69
local-assisted-adapter 16 adjust False 7.51
local-assisted-adapter 17 critical True 8.21
local-assisted-adapter 18 prerequisite True 7.65
local-assisted-adapter 19 hold False 7.41
local-assisted-adapter 20 adjust False 7.36
local-assisted-adapter 21 critical True 7.53
local-assisted-adapter 22 prerequisite True 7.91
local-assisted-adapter 23 hold False 7.57
local-assisted-adapter 24 adjust False 8.52
local-assisted-adapter 25 critical True 8.32
local-assisted-adapter 26 prerequisite True 8.38
local-assisted-adapter 27 hold False 8.1
local-assisted-adapter 28 adjust False 7.77
local-assisted-adapter 29 critical True 8.37
local-assisted-adapter 30 prerequisite True 8.05
local-assisted-adapter 31 hold False 7.87
local-assisted-adapter 32 adjust False 7.85
